#-----------------------------------------------------------
# Vivado v2019.1 (64-bit)
# SW Build 2552052 on Fri May 24 14:49:42 MDT 2019
# IP Build 2548770 on Fri May 24 18:01:18 MDT 2019
# Start of session at: Fri Jan 29 02:21:56 2021
# Process ID: 22708
# Current directory: C:/Users/jodyz/Documents/University/University Modules/Y1S2/EE2026/Lab/Project/Audio_Viz_Project_Template.xpr/Audio_Viz_Project_Template
# Command line: vivado.exe -gui_launcher_event rodinguilauncherevent7292 C:\Users\jodyz\Documents\University\University Modules\Y1S2\EE2026\Lab\Project\Audio_Viz_Project_Template.xpr\Audio_Viz_Project_Template\Audio_Viz_Project_Template.xpr
# Log file: C:/Users/jodyz/Documents/University/University Modules/Y1S2/EE2026/Lab/Project/Audio_Viz_Project_Template.xpr/Audio_Viz_Project_Template/vivado.log
# Journal file: C:/Users/jodyz/Documents/University/University Modules/Y1S2/EE2026/Lab/Project/Audio_Viz_Project_Template.xpr/Audio_Viz_Project_Template\vivado.jou
#-----------------------------------------------------------
start_gui
open_project -read_only {C:/Users/jodyz/Documents/University/University Modules/Y1S2/EE2026/Lab/Project/Audio_Viz_Project_Template.xpr/Audio_Viz_Project_Template/Audio_Viz_Project_Template.xpr}
